This is pdfTeX, Version 3.141592653-2.6-1.40.24 (MiKTeX 22.1) (preloaded format=pdflatex 2026.4.21)  26 MAY 2026 11:35
entering extended mode
 restricted \write18 enabled.
 %&-line parsing enabled.
**./rapport_final.tex
(rapport_final.tex
LaTeX2e <2025-06-01> patch level 1
L3 programming layer <2025-06-09>

(/Users/ramlaoui/Library/Application Support/MiKTeX/texmfs/install/tex/latex/ba
se/article.cls
Document Class: article 2025/01/22 v1.4n Standard LaTeX document class

(/Users/ramlaoui/Library/Application Support/MiKTeX/texmfs/install/tex/latex/ba
se/size11.clo
File: size11.clo 2025/01/22 v1.4n Standard LaTeX file (size option)
)
\c@part=\count275
\c@section=\count276
\c@subsection=\count277
\c@subsubsection=\count278
\c@paragraph=\count279
\c@subparagraph=\count280
\c@figure=\count281
\c@table=\count282
\abovecaptionskip=\skip49
\belowcaptionskip=\skip50
\bibindent=\dimen148
)
(/Users/ramlaoui/Library/Application Support/MiKTeX/texmfs/install/tex/latex/ba
se/inputenc.sty
Package: inputenc 2024/02/08 v1.3d Input encoding file
\inpenc@prehook=\toks17
\inpenc@posthook=\toks18
)
(/Users/ramlaoui/Library/Application Support/MiKTeX/texmfs/install/tex/latex/ba
se/fontenc.sty
Package: fontenc 2024/12/21 v2.1c Standard LaTeX package
)
(/Users/ramlaoui/Library/Application Support/MiKTeX/texmfs/install/tex/generic/
babel/babel.sty
Package: babel 2025/05/14 v25.9 The multilingual framework for pdfLaTeX, LuaLaT
eX and XeLaTeX
\babel@savecnt=\count283
LaTeX Encoding Info:    Redeclaring text command \ij (encoding OT1) on input li
ne 2043.
LaTeX Encoding Info:    Redeclaring text command \IJ (encoding OT1) on input li
ne 2045.
LaTeX Encoding Info:    Redeclaring text command \ij (encoding T1) on input lin
e 2047.
LaTeX Encoding Info:    Redeclaring text command \IJ (encoding T1) on input lin
e 2048.
LaTeX Encoding Info:    Ignoring declaration for text command \ij (encoding ?) 
on input line 2049.
LaTeX Encoding Info:    Ignoring declaration for text command \IJ (encoding ?) 
on input line 2051.
LaTeX Encoding Info:    Ignoring declaration for text command \SS (encoding ?) 
on input line 2076.
\U@D=\dimen149
\l@unhyphenated=\language1

(/Users/ramlaoui/Library/Application Support/MiKTeX/texmfs/install/tex/generic/
babel/txtbabel.def)
\bbl@readstream=\read2
\bbl@dirlevel=\count284

*************************************
* Local config file bblopts.cfg used
*

(/Users/ramlaoui/Library/Application Support/MiKTeX/texmfs/install/tex/latex/ar
abi/bblopts.cfg
File: bblopts.cfg 2005/09/08 v0.1 add Arabic and Farsi to "declared" options of
 babel
)
(/Users/ramlaoui/Library/Application Support/MiKTeX/texmfs/install/tex/generic/
babel-french/french.ldf
Language: french 2025-08-15 v4.0e French support from the babel system

(/Users/ramlaoui/Library/Application Support/MiKTeX/texmfs/install/tex/generic/
babel/locale/fr/babel-french.tex
Package babel Info: Importing font and identification data for french
(babel)             from babel-fr.ini. Reported on input line 11.
)
(/Users/ramlaoui/Library/Application Support/MiKTeX/texmfs/install/tex/generic/
babel-french/french3.ldf
Language: french 2025-08-15 v3.7e French support from the babel system


Package babel Warning: No hyphenation patterns were preloaded for
(babel)                the language 'French' into the format.
(babel)                Please, configure your TeX system to add them and
(babel)                rebuild the format. Now I will use the patterns
(babel)                preloaded for \language=nohyphenation instead on input l
ine 87.

\FB@stdchar=\count285
Package babel Info: Making : an active character on input line 273.
Package babel Info: Making ; an active character on input line 274.
Package babel Info: Making ! an active character on input line 275.
Package babel Info: Making ? an active character on input line 276.
\FBguill@level=\count286
\FBold@everypar=\toks19
\FB@Mht=\dimen150
\mc@charclass=\count287
\mc@charfam=\count288
\mc@charslot=\count289
\std@mcc=\count290
\dec@mcc=\count291
\FB@pardim=\dimen151
\listindentFB=\dimen152
\descindentFB=\dimen153
\labelindentFB=\dimen154
\labelwidthFB=\dimen155
\leftmarginFB=\dimen156
\parindentFFN=\dimen157
\FBfnindent=\dimen158
)))
(/Users/ramlaoui/Library/Application Support/MiKTeX/texmfs/install/tex/latex/ca
rlisle/scalefnt.sty)
(/Users/ramlaoui/Library/Application Support/MiKTeX/texmfs/install/tex/latex/lm
/lmodern.sty
Package: lmodern 2015/05/01 v1.6.1 Latin Modern Fonts
LaTeX Font Info:    Overwriting symbol font `operators' in version `normal'
(Font)                  OT1/cmr/m/n --> OT1/lmr/m/n on input line 22.
LaTeX Font Info:    Overwriting symbol font `letters' in version `normal'
(Font)                  OML/cmm/m/it --> OML/lmm/m/it on input line 23.
LaTeX Font Info:    Overwriting symbol font `symbols' in version `normal'
(Font)                  OMS/cmsy/m/n --> OMS/lmsy/m/n on input line 24.
LaTeX Font Info:    Overwriting symbol font `largesymbols' in version `normal'
(Font)                  OMX/cmex/m/n --> OMX/lmex/m/n on input line 25.
LaTeX Font Info:    Overwriting symbol font `operators' in version `bold'
(Font)                  OT1/cmr/bx/n --> OT1/lmr/bx/n on input line 26.
LaTeX Font Info:    Overwriting symbol font `letters' in version `bold'
(Font)                  OML/cmm/b/it --> OML/lmm/b/it on input line 27.
LaTeX Font Info:    Overwriting symbol font `symbols' in version `bold'
(Font)                  OMS/cmsy/b/n --> OMS/lmsy/b/n on input line 28.
LaTeX Font Info:    Overwriting symbol font `largesymbols' in version `bold'
(Font)                  OMX/cmex/m/n --> OMX/lmex/m/n on input line 29.
LaTeX Font Info:    Overwriting math alphabet `\mathbf' in version `normal'
(Font)                  OT1/cmr/bx/n --> OT1/lmr/bx/n on input line 31.
LaTeX Font Info:    Overwriting math alphabet `\mathsf' in version `normal'
(Font)                  OT1/cmss/m/n --> OT1/lmss/m/n on input line 32.
LaTeX Font Info:    Overwriting math alphabet `\mathit' in version `normal'
(Font)                  OT1/cmr/m/it --> OT1/lmr/m/it on input line 33.
LaTeX Font Info:    Overwriting math alphabet `\mathtt' in version `normal'
(Font)                  OT1/cmtt/m/n --> OT1/lmtt/m/n on input line 34.
LaTeX Font Info:    Overwriting math alphabet `\mathbf' in version `bold'
(Font)                  OT1/cmr/bx/n --> OT1/lmr/bx/n on input line 35.
LaTeX Font Info:    Overwriting math alphabet `\mathsf' in version `bold'
(Font)                  OT1/cmss/bx/n --> OT1/lmss/bx/n on input line 36.
LaTeX Font Info:    Overwriting math alphabet `\mathit' in version `bold'
(Font)                  OT1/cmr/bx/it --> OT1/lmr/bx/it on input line 37.
LaTeX Font Info:    Overwriting math alphabet `\mathtt' in version `bold'
(Font)                  OT1/cmtt/m/n --> OT1/lmtt/m/n on input line 38.
)
(/Users/ramlaoui/Library/Application Support/MiKTeX/texmfs/install/tex/latex/mi
crotype/microtype.sty
Package: microtype 2026/03/01 v3.2d Micro-typographical refinements (RS)

(/Users/ramlaoui/Library/Application Support/MiKTeX/texmfs/install/tex/latex/gr
aphics/keyval.sty
Package: keyval 2022/05/29 v1.15 key=value parser (DPC)
\KV@toks@=\toks20
)
(/Users/ramlaoui/Library/Application Support/MiKTeX/texmfs/install/tex/latex/et
oolbox/etoolbox.sty
Package: etoolbox 2025/02/11 v2.5l e-TeX tools for LaTeX (JAW)
\etb@tempcnta=\count292
)
\MT@toks=\toks21
\MT@tempbox=\box53
\MT@count=\count293
LaTeX Info: Redefining \noprotrusionifhmode on input line 1084.
LaTeX Info: Redefining \leftprotrusion on input line 1085.
\MT@prot@toks=\toks22
LaTeX Info: Redefining \rightprotrusion on input line 1104.
LaTeX Info: Redefining \textls on input line 1449.
\MT@outer@kern=\dimen159
LaTeX Info: Redefining \microtypecontext on input line 2053.
LaTeX Info: Redefining \textmicrotypecontext on input line 2070.
\MT@listname@count=\count294

(/Users/ramlaoui/Library/Application Support/MiKTeX/texmfs/install/tex/latex/mi
crotype/microtype-pdftex.def
File: microtype-pdftex.def 2026/03/01 v3.2d Definitions specific to pdftex (RS)

LaTeX Info: Redefining \lsstyle on input line 944.
LaTeX Info: Redefining \lslig on input line 944.
\MT@outer@space=\skip51
)
Package microtype Info: Loading configuration file microtype.cfg.

(/Users/ramlaoui/Library/Application Support/MiKTeX/texmfs/install/tex/latex/mi
crotype/microtype.cfg
File: microtype.cfg 2026/03/01 v3.2d microtype main configuration file (RS)
)
LaTeX Info: Redefining \microtypesetup on input line 3065.
) (polytechnique.sty
Package: polytechnique 2022/04/29 v1.3.10, standard scientific documents layout
 for Ecole polytechnique (Palaiseau,France).

(/Users/ramlaoui/Library/Application Support/MiKTeX/texmfs/install/tex/latex/to
ols/calc.sty
Package: calc 2025/03/01 v4.3b Infix arithmetic (KKT,FJ)
\calc@Acount=\count295
\calc@Bcount=\count296
\calc@Adimen=\dimen160
\calc@Bdimen=\dimen161
\calc@Askip=\skip52
\calc@Bskip=\skip53
LaTeX Info: Redefining \setlength on input line 86.
LaTeX Info: Redefining \addtolength on input line 87.
\calc@Ccount=\count297
\calc@Cskip=\skip54
)
(/Users/ramlaoui/Library/Application Support/MiKTeX/texmfs/install/tex/latex/xc
olor/xcolor.sty
Package: xcolor 2024/09/29 v3.02 LaTeX color extensions (UK)

(/Users/ramlaoui/Library/Application Support/MiKTeX/texmfs/install/tex/latex/gr
aphics-cfg/color.cfg
File: color.cfg 2016/01/02 v1.6 sample color configuration
)
Package xcolor Info: Driver file: pdftex.def on input line 274.

(/Users/ramlaoui/Library/Application Support/MiKTeX/texmfs/install/tex/latex/gr
aphics-def/pdftex.def
File: pdftex.def 2024/04/13 v1.2c Graphics/color driver for pdftex
)
(/Users/ramlaoui/Library/Application Support/MiKTeX/texmfs/install/tex/latex/gr
aphics/mathcolor.ltx)
Package xcolor Info: Model `cmy' substituted by `cmy0' on input line 1349.
Package xcolor Info: Model `hsb' substituted by `rgb' on input line 1353.
Package xcolor Info: Model `RGB' extended on input line 1365.
Package xcolor Info: Model `HTML' substituted by `rgb' on input line 1367.
Package xcolor Info: Model `Hsb' substituted by `hsb' on input line 1368.
Package xcolor Info: Model `tHsb' substituted by `hsb' on input line 1369.
Package xcolor Info: Model `HSB' substituted by `hsb' on input line 1370.
Package xcolor Info: Model `Gray' substituted by `gray' on input line 1371.
Package xcolor Info: Model `wave' substituted by `hsb' on input line 1372.
)
(/Users/ramlaoui/Library/Application Support/MiKTeX/texmfs/install/tex/latex/ge
ometry/geometry.sty
Package: geometry 2026/03/07 v6.0 Page Geometry

(/Users/ramlaoui/Library/Application Support/MiKTeX/texmfs/install/tex/generic/
iftex/ifvtex.sty
Package: ifvtex 2019/10/25 v1.7 ifvtex legacy package. Use iftex instead.

(/Users/ramlaoui/Library/Application Support/MiKTeX/texmfs/install/tex/generic/
iftex/iftex.sty
Package: iftex 2024/12/12 v1.0g TeX engine tests
))
\Gm@cnth=\count298
\Gm@cntv=\count299
\c@Gm@tempcnt=\count300
\Gm@bindingoffset=\dimen162
\Gm@wd@mp=\dimen163
\Gm@odd@mp=\dimen164
\Gm@even@mp=\dimen165
\Gm@layoutwidth=\dimen166
\Gm@layoutheight=\dimen167
\Gm@layouthoffset=\dimen168
\Gm@layoutvoffset=\dimen169
\Gm@dimlist=\toks23

(/Users/ramlaoui/Library/Application Support/MiKTeX/texmfs/install/tex/latex/ge
ometry/geometry.cfg))
(/Users/ramlaoui/Library/Application Support/MiKTeX/texmfs/install/tex/latex/gr
aphics/graphicx.sty
Package: graphicx 2024/12/31 v1.2e Enhanced LaTeX Graphics (DPC,SPQR)

(/Users/ramlaoui/Library/Application Support/MiKTeX/texmfs/install/tex/latex/gr
aphics/graphics.sty
Package: graphics 2024/08/06 v1.4g Standard LaTeX Graphics (DPC,SPQR)

(/Users/ramlaoui/Library/Application Support/MiKTeX/texmfs/install/tex/latex/gr
aphics/trig.sty
Package: trig 2023/12/02 v1.11 sin cos tan (DPC)
)
(/Users/ramlaoui/Library/Application Support/MiKTeX/texmfs/install/tex/latex/gr
aphics-cfg/graphics.cfg
File: graphics.cfg 2016/06/04 v1.11 sample graphics configuration
)
Package graphics Info: Driver file: pdftex.def on input line 106.
)
\Gin@req@height=\dimen170
\Gin@req@width=\dimen171
)
(/Users/ramlaoui/Library/Application Support/MiKTeX/texmfs/install/tex/latex/ba
se/ifthen.sty
Package: ifthen 2024/03/16 v1.1e Standard LaTeX ifthen package (DPC)
)
(/Users/ramlaoui/Library/Application Support/MiKTeX/texmfs/install/tex/generic/
iftex/ifpdf.sty
Package: ifpdf 2019/10/25 v3.4 ifpdf legacy package. Use iftex instead.
)
(/Users/ramlaoui/Library/Application Support/MiKTeX/texmfs/install/tex/latex/ti
tlesec/titlesec.sty
Package: titlesec 2025/01/04 v2.17 Sectioning titles
\ttl@box=\box54
\beforetitleunit=\skip55
\aftertitleunit=\skip56
\ttl@plus=\dimen172
\ttl@minus=\dimen173
\ttl@toksa=\toks24
\titlewidth=\dimen174
\titlewidthlast=\dimen175
\titlewidthfirst=\dimen176

(/Users/ramlaoui/Library/Application Support/MiKTeX/texmfs/install/tex/latex/ti
tlesec/titleps.sty))
\margehaut=\skip57
\hauteurentete=\skip58
\separationentete=\skip59
\margecote=\skip60
\margecoteinterieur=\skip61
\margecoteexterieur=\skip62
\margebas=\skip63
\separationpied=\skip64
\hauteurlogohori=\skip65
\separationtitre=\skip66
\epaisseurtrait=\skip67
\separationlignestitre=\skip68
\separationtitrecorps=\skip69
\hauteurlogopage=\skip70
\separationentetelogo=\skip71
\largeurfiletpiedcentre=\skip72
\largeurlogovert=\skip73
\hauteurlogovert=\skip74
\largeurlogohori=\skip75
\distancetitrelogo=\skip76
\separationlogotrait=\skip77
\largeurminipage=\skip78
\distancetitrecorps=\skip79
\largeurtitreentete=\skip80
\decalageverticalentete=\skip81
)
(/Users/ramlaoui/Library/Application Support/MiKTeX/texmfs/install/tex/latex/am
smath/amsmath.sty
Package: amsmath 2025/06/16 v2.17y AMS math features
\@mathmargin=\skip82

For additional information on amsmath, use the `?' option.

(/Users/ramlaoui/Library/Application Support/MiKTeX/texmfs/install/tex/latex/am
smath/amstext.sty
Package: amstext 2024/11/17 v2.01 AMS text

(/Users/ramlaoui/Library/Application Support/MiKTeX/texmfs/install/tex/latex/am
smath/amsgen.sty
File: amsgen.sty 1999/11/30 v2.0 generic functions
\@emptytoks=\toks25
\ex@=\dimen177
))
(/Users/ramlaoui/Library/Application Support/MiKTeX/texmfs/install/tex/latex/am
smath/amsbsy.sty
Package: amsbsy 1999/11/29 v1.2d Bold Symbols
\pmbraise@=\dimen178
)
(/Users/ramlaoui/Library/Application Support/MiKTeX/texmfs/install/tex/latex/am
smath/amsopn.sty
Package: amsopn 2022/04/08 v2.04 operator names
)
\inf@bad=\count301
LaTeX Info: Redefining \frac on input line 233.
\uproot@=\count302
\leftroot@=\count303
LaTeX Info: Redefining \overline on input line 398.
LaTeX Info: Redefining \colon on input line 409.
\classnum@=\count304
\DOTSCASE@=\count305
LaTeX Info: Redefining \ldots on input line 495.
LaTeX Info: Redefining \dots on input line 498.
LaTeX Info: Redefining \cdots on input line 619.
\Mathstrutbox@=\box55
\strutbox@=\box56
LaTeX Info: Redefining \big on input line 721.
LaTeX Info: Redefining \Big on input line 722.
LaTeX Info: Redefining \bigg on input line 723.
LaTeX Info: Redefining \Bigg on input line 724.
\big@size=\dimen179
LaTeX Font Info:    Redeclaring font encoding OML on input line 742.
LaTeX Font Info:    Redeclaring font encoding OMS on input line 743.
\macc@depth=\count306
LaTeX Info: Redefining \bmod on input line 904.
LaTeX Info: Redefining \pmod on input line 909.
LaTeX Info: Redefining \smash on input line 939.
LaTeX Info: Redefining \relbar on input line 969.
LaTeX Info: Redefining \Relbar on input line 970.
\c@MaxMatrixCols=\count307
\dotsspace@=\muskip17
\c@parentequation=\count308
\dspbrk@lvl=\count309
\tag@help=\toks26
\row@=\count310
\column@=\count311
\maxfields@=\count312
\andhelp@=\toks27
\eqnshift@=\dimen180
\alignsep@=\dimen181
\tagshift@=\dimen182
\tagwidth@=\dimen183
\totwidth@=\dimen184
\lineht@=\dimen185
\@envbody=\toks28
\multlinegap=\skip83
\multlinetaggap=\skip84
\mathdisplay@stack=\toks29
LaTeX Info: Redefining \[ on input line 2949.
LaTeX Info: Redefining \] on input line 2950.
)
(/Users/ramlaoui/Library/Application Support/MiKTeX/texmfs/install/tex/latex/am
sfonts/amssymb.sty
Package: amssymb 2013/01/14 v3.01 AMS font symbols

(/Users/ramlaoui/Library/Application Support/MiKTeX/texmfs/install/tex/latex/am
sfonts/amsfonts.sty
Package: amsfonts 2013/01/14 v3.01 Basic AMSFonts support
\symAMSa=\mathgroup4
\symAMSb=\mathgroup5
LaTeX Font Info:    Redeclaring math symbol \hbar on input line 98.
LaTeX Font Info:    Overwriting math alphabet `\mathfrak' in version `bold'
(Font)                  U/euf/m/n --> U/euf/b/n on input line 106.
))
(/Users/ramlaoui/Library/Application Support/MiKTeX/texmfs/install/tex/latex/am
scls/amsthm.sty
Package: amsthm 2020/05/29 v2.20.6
\thm@style=\toks30
\thm@bodyfont=\toks31
\thm@headfont=\toks32
\thm@notefont=\toks33
\thm@headpunct=\toks34
\thm@preskip=\skip85
\thm@postskip=\skip86
\thm@headsep=\skip87
\dth@everypar=\toks35
)
(/Users/ramlaoui/Library/Application Support/MiKTeX/texmfs/install/tex/latex/ma
thtools/mathtools.sty
Package: mathtools 2024/10/04 v1.31 mathematical typesetting tools

(/Users/ramlaoui/Library/Application Support/MiKTeX/texmfs/install/tex/latex/ma
thtools/mhsetup.sty
Package: mhsetup 2021/03/18 v1.4 programming setup (MH)
)
\g_MT_multlinerow_int=\count313
\l_MT_multwidth_dim=\dimen186
\origjot=\skip88
\l_MT_shortvdotswithinadjustabove_dim=\dimen187
\l_MT_shortvdotswithinadjustbelow_dim=\dimen188
\l_MT_above_intertext_sep=\dimen189
\l_MT_below_intertext_sep=\dimen190
\l_MT_above_shortintertext_sep=\dimen191
\l_MT_below_shortintertext_sep=\dimen192
\xmathstrut@box=\box57
\xmathstrut@dim=\dimen193
)
(/Users/ramlaoui/Library/Application Support/MiKTeX/texmfs/install/tex/latex/to
ols/bm.sty
Package: bm 2023/12/19 v1.2f Bold Symbol Support (DPC/FMi)
\symboldoperators=\mathgroup6
\symboldletters=\mathgroup7
\symboldsymbols=\mathgroup8
Package bm Info: No bold for \OMX/lmex/m/n, using \pmb.
Package bm Info: No bold for \U/msa/m/n, using \pmb.
Package bm Info: No bold for \U/msb/m/n, using \pmb.
LaTeX Font Info:    Redeclaring math alphabet \mathbf on input line 149.
)
(/Users/ramlaoui/Library/Application Support/MiKTeX/texmfs/install/tex/latex/bo
oktabs/booktabs.sty
Package: booktabs 2020/01/12 v1.61803398 Publication quality tables
\heavyrulewidth=\dimen194
\lightrulewidth=\dimen195
\cmidrulewidth=\dimen196
\belowrulesep=\dimen197
\belowbottomsep=\dimen198
\aboverulesep=\dimen199
\abovetopsep=\dimen256
\cmidrulesep=\dimen257
\cmidrulekern=\dimen258
\defaultaddspace=\dimen259
\@cmidla=\count314
\@cmidlb=\count315
\@aboverulesep=\dimen260
\@belowrulesep=\dimen261
\@thisruleclass=\count316
\@lastruleclass=\count317
\@thisrulewidth=\dimen262
)
(/Users/ramlaoui/Library/Application Support/MiKTeX/texmfs/install/tex/latex/ca
ption/caption.sty
Package: caption 2023/08/05 v3.6o Customizing captions (AR)

(/Users/ramlaoui/Library/Application Support/MiKTeX/texmfs/install/tex/latex/ca
ption/caption3.sty
Package: caption3 2023/07/31 v2.4d caption3 kernel (AR)
\caption@tempdima=\dimen263
\captionmargin=\dimen264
\caption@leftmargin=\dimen265
\caption@rightmargin=\dimen266
\caption@width=\dimen267
\caption@indent=\dimen268
\caption@parindent=\dimen269
\caption@hangindent=\dimen270
Package caption Info: Standard document class detected.
Package caption Info: french babel package is loaded.
)
\c@caption@flags=\count318
\c@continuedfloat=\count319
)
(/Users/ramlaoui/Library/Application Support/MiKTeX/texmfs/install/tex/latex/ca
ption/subcaption.sty
Package: subcaption 2023/07/28 v1.6b Sub-captions (AR)
Package caption Info: New subtype `subfigure' on input line 238.
\c@subfigure=\count320
Package caption Info: New subtype `subtable' on input line 238.
\c@subtable=\count321
)
(/Users/ramlaoui/Library/Application Support/MiKTeX/texmfs/install/tex/latex/fl
oat/float.sty
Package: float 2001/11/08 v1.3d Float enhancements (AL)
\c@float@type=\count322
\float@exts=\toks36
\float@box=\box58
\@float@everytoks=\toks37
\@floatcapt=\box59
)
(/Users/ramlaoui/Library/Application Support/MiKTeX/texmfs/install/tex/latex/en
umitem/enumitem.sty
Package: enumitem 2025/02/06 v3.11 Customized lists
\labelindent=\skip89
\enit@outerparindent=\dimen271
\enit@toks=\toks38
\enit@inbox=\box60
\enit@count@id=\count323
\enitdp@description=\count324
)
(/Users/ramlaoui/Library/Application Support/MiKTeX/texmfs/install/tex/latex/hy
perref/hyperref.sty
Package: hyperref 2025-06-21 v7.01n Hypertext links for LaTeX

(/Users/ramlaoui/Library/Application Support/MiKTeX/texmfs/install/tex/latex/kv
setkeys/kvsetkeys.sty
Package: kvsetkeys 2022-10-05 v1.19 Key value parser (HO)
)
(/Users/ramlaoui/Library/Application Support/MiKTeX/texmfs/install/tex/generic/
kvdefinekeys/kvdefinekeys.sty
Package: kvdefinekeys 2019-12-19 v1.6 Define keys (HO)
)
(/Users/ramlaoui/Library/Application Support/MiKTeX/texmfs/install/tex/generic/
pdfescape/pdfescape.sty
Package: pdfescape 2019/12/09 v1.15 Implements pdfTeX's escape features (HO)

(/Users/ramlaoui/Library/Application Support/MiKTeX/texmfs/install/tex/generic/
ltxcmds/ltxcmds.sty
Package: ltxcmds 2023-12-04 v1.26 LaTeX kernel commands for general use (HO)
)
(/Users/ramlaoui/Library/Application Support/MiKTeX/texmfs/install/tex/generic/
pdftexcmds/pdftexcmds.sty
Package: pdftexcmds 2020-06-27 v0.33 Utility functions of pdfTeX for LuaTeX (HO
)

(/Users/ramlaoui/Library/Application Support/MiKTeX/texmfs/install/tex/generic/
infwarerr/infwarerr.sty
Package: infwarerr 2019/12/03 v1.5 Providing info/warning/error messages (HO)
)
Package pdftexcmds Info: \pdf@primitive is available.
Package pdftexcmds Info: \pdf@ifprimitive is available.
Package pdftexcmds Info: \pdfdraftmode found.
))
(/Users/ramlaoui/Library/Application Support/MiKTeX/texmfs/install/tex/latex/hy
color/hycolor.sty
Package: hycolor 2020-01-27 v1.10 Color options for hyperref/bookmark (HO)
)
(/Users/ramlaoui/Library/Application Support/MiKTeX/texmfs/install/tex/latex/hy
perref/nameref.sty
Package: nameref 2025-06-21 v2.57 Cross-referencing by name of section

(/Users/ramlaoui/Library/Application Support/MiKTeX/texmfs/install/tex/latex/re
fcount/refcount.sty
Package: refcount 2019/12/15 v3.6 Data extraction from label references (HO)
)
(/Users/ramlaoui/Library/Application Support/MiKTeX/texmfs/install/tex/generic/
gettitlestring/gettitlestring.sty
Package: gettitlestring 2019/12/15 v1.6 Cleanup title references (HO)

(/Users/ramlaoui/Library/Application Support/MiKTeX/texmfs/install/tex/latex/kv
options/kvoptions.sty
Package: kvoptions 2022-06-15 v3.15 Key value format for package options (HO)
))
\c@section@level=\count325
)
(/Users/ramlaoui/Library/Application Support/MiKTeX/texmfs/install/tex/generic/
stringenc/stringenc.sty
Package: stringenc 2019/11/29 v1.12 Convert strings between diff. encodings (HO
)
)
\@linkdim=\dimen272
\Hy@linkcounter=\count326
\Hy@pagecounter=\count327

(/Users/ramlaoui/Library/Application Support/MiKTeX/texmfs/install/tex/latex/hy
perref/pd1enc.def
File: pd1enc.def 2025-06-21 v7.01n Hyperref: PDFDocEncoding definition (HO)
Now handling font encoding PD1 ...
... no UTF-8 mapping file for font encoding PD1
)
(/Users/ramlaoui/Library/Application Support/MiKTeX/texmfs/install/tex/generic/
intcalc/intcalc.sty
Package: intcalc 2019/12/15 v1.3 Expandable calculations with integers (HO)
)
\Hy@SavedSpaceFactor=\count328

(/Users/ramlaoui/Library/Application Support/MiKTeX/texmfs/install/tex/latex/hy
perref/puenc.def
File: puenc.def 2025-06-21 v7.01n Hyperref: PDF Unicode definition (HO)
Now handling font encoding PU ...
... no UTF-8 mapping file for font encoding PU
)
Package hyperref Info: Hyper figures OFF on input line 4181.
Package hyperref Info: Link nesting OFF on input line 4186.
Package hyperref Info: Hyper index ON on input line 4189.
Package hyperref Info: Plain pages OFF on input line 4196.
Package hyperref Info: Backreferencing OFF on input line 4201.
Package hyperref Info: Implicit mode ON; LaTeX internals redefined.
Package hyperref Info: Bookmarks ON on input line 4448.
\c@Hy@tempcnt=\count329

(/Users/ramlaoui/Library/Application Support/MiKTeX/texmfs/install/tex/latex/ur
l/url.sty
\Urlmuskip=\muskip18
Package: url 2013/09/16  ver 3.4  Verb mode for urls, etc.
)
LaTeX Info: Redefining \url on input line 4787.
\XeTeXLinkMargin=\dimen273

(/Users/ramlaoui/Library/Application Support/MiKTeX/texmfs/install/tex/generic/
bitset/bitset.sty
Package: bitset 2019/12/09 v1.3 Handle bit-vector datatype (HO)

(/Users/ramlaoui/Library/Application Support/MiKTeX/texmfs/install/tex/generic/
bigintcalc/bigintcalc.sty
Package: bigintcalc 2019/12/15 v1.5 Expandable calculations on big integers (HO
)
))
\Fld@menulength=\count330
\Field@Width=\dimen274
\Fld@charsize=\dimen275
Package hyperref Info: Hyper figures OFF on input line 6066.
Package hyperref Info: Link nesting OFF on input line 6071.
Package hyperref Info: Hyper index ON on input line 6074.
Package hyperref Info: backreferencing OFF on input line 6081.
Package hyperref Info: Link coloring OFF on input line 6086.
Package hyperref Info: Link coloring with OCG OFF on input line 6091.
Package hyperref Info: PDF/A mode OFF on input line 6096.
\Hy@abspage=\count331
\c@Item=\count332
\c@Hfootnote=\count333
)
Package hyperref Info: Driver (autodetected): hpdftex.

(/Users/ramlaoui/Library/Application Support/MiKTeX/texmfs/install/tex/latex/hy
perref/hpdftex.def
File: hpdftex.def 2025-06-21 v7.01n Hyperref driver for pdfTeX
\Fld@listcount=\count334
\c@bookmark@seq@number=\count335

(/Users/ramlaoui/Library/Application Support/MiKTeX/texmfs/install/tex/latex/re
runfilecheck/rerunfilecheck.sty
Package: rerunfilecheck 2025-06-21 v1.11 Rerun checks for auxiliary files (HO)

(/Users/ramlaoui/Library/Application Support/MiKTeX/texmfs/install/tex/generic/
uniquecounter/uniquecounter.sty
Package: uniquecounter 2019/12/15 v1.4 Provide unlimited unique counter (HO)
)
Package uniquecounter Info: New unique counter `rerunfilecheck' on input line 2
84.
)
\Hy@SectionHShift=\skip90
)
(/Users/ramlaoui/Library/Application Support/MiKTeX/texmfs/install/tex/latex/al
gorithms/algorithm.sty
Package: algorithm 2009/08/24 v0.1 Document Style `algorithm' - floating enviro
nment
\@float@every@algorithm=\toks39
\c@algorithm=\count336
)
(/Users/ramlaoui/Library/Application Support/MiKTeX/texmfs/install/tex/latex/al
gorithmicx/algpseudocode.sty
Package: algpseudocode 

(/Users/ramlaoui/Library/Application Support/MiKTeX/texmfs/install/tex/latex/al
gorithmicx/algorithmicx.sty
Package: algorithmicx 2005/04/27 v1.2 Algorithmicx

Document Style algorithmicx 1.2 - a greatly improved `algorithmic' style
\c@ALG@line=\count337
\c@ALG@rem=\count338
\c@ALG@nested=\count339
\ALG@tlm=\skip91
\ALG@thistlm=\skip92
\c@ALG@Lnr=\count340
\c@ALG@blocknr=\count341
\c@ALG@storecount=\count342
\c@ALG@tmpcounter=\count343
\ALG@tmplength=\skip93
)
Document Style - pseudocode environments for use with the `algorithmicx' style
)
(/Users/ramlaoui/Library/Application Support/MiKTeX/texmfs/install/tex/latex/tc
olorbox/tcolorbox.sty
Package: tcolorbox 2025/06/04 version 6.6.0 text color boxes

(/Users/ramlaoui/Library/Application Support/MiKTeX/texmfs/install/tex/latex/pg
f/frontendlayer/tikz.sty
(/Users/ramlaoui/Library/Application Support/MiKTeX/texmfs/install/tex/latex/pg
f/basiclayer/pgf.sty
(/Users/ramlaoui/Library/Application Support/MiKTeX/texmfs/install/tex/latex/pg
f/utilities/pgfrcs.sty
(/Users/ramlaoui/Library/Application Support/MiKTeX/texmfs/install/tex/generic/
pgf/utilities/pgfutil-common.tex
\pgfutil@everybye=\toks40
\pgfutil@tempdima=\dimen276
\pgfutil@tempdimb=\dimen277
)
(/Users/ramlaoui/Library/Application Support/MiKTeX/texmfs/install/tex/generic/
pgf/utilities/pgfutil-latex.def
\pgfutil@abb=\box61
)
(/Users/ramlaoui/Library/Application Support/MiKTeX/texmfs/install/tex/generic/
pgf/utilities/pgfrcs.code.tex
(/Users/ramlaoui/Library/Application Support/MiKTeX/texmfs/install/tex/generic/
pgf/pgf.revision.tex)
Package: pgfrcs 2023-01-15 v3.1.10 (3.1.10)
))
Package: pgf 2023-01-15 v3.1.10 (3.1.10)

(/Users/ramlaoui/Library/Application Support/MiKTeX/texmfs/install/tex/latex/pg
f/basiclayer/pgfcore.sty
(/Users/ramlaoui/Library/Application Support/MiKTeX/texmfs/install/tex/latex/pg
f/systemlayer/pgfsys.sty
(/Users/ramlaoui/Library/Application Support/MiKTeX/texmfs/install/tex/generic/
pgf/systemlayer/pgfsys.code.tex
Package: pgfsys 2023-01-15 v3.1.10 (3.1.10)

(/Users/ramlaoui/Library/Application Support/MiKTeX/texmfs/install/tex/generic/
pgf/utilities/pgfkeys.code.tex
\pgfkeys@pathtoks=\toks41
\pgfkeys@temptoks=\toks42

(/Users/ramlaoui/Library/Application Support/MiKTeX/texmfs/install/tex/generic/
pgf/utilities/pgfkeyslibraryfiltered.code.tex
\pgfkeys@tmptoks=\toks43
))
\pgf@x=\dimen278
\pgf@y=\dimen279
\pgf@xa=\dimen280
\pgf@ya=\dimen281
\pgf@xb=\dimen282
\pgf@yb=\dimen283
\pgf@xc=\dimen284
\pgf@yc=\dimen285
\pgf@xd=\dimen286
\pgf@yd=\dimen287
\w@pgf@writea=\write3
\r@pgf@reada=\read3
\c@pgf@counta=\count344
\c@pgf@countb=\count345
\c@pgf@countc=\count346
\c@pgf@countd=\count347
\t@pgf@toka=\toks44
\t@pgf@tokb=\toks45
\t@pgf@tokc=\toks46
\pgf@sys@id@count=\count348

(/Users/ramlaoui/Library/Application Support/MiKTeX/texmfs/install/tex/generic/
pgf/systemlayer/pgf.cfg
File: pgf.cfg 2023-01-15 v3.1.10 (3.1.10)
)
Driver file for pgf: pgfsys-pdftex.def

(/Users/ramlaoui/Library/Application Support/MiKTeX/texmfs/install/tex/generic/
pgf/systemlayer/pgfsys-pdftex.def
File: pgfsys-pdftex.def 2023-01-15 v3.1.10 (3.1.10)

(/Users/ramlaoui/Library/Application Support/MiKTeX/texmfs/install/tex/generic/
pgf/systemlayer/pgfsys-common-pdf.def
File: pgfsys-common-pdf.def 2023-01-15 v3.1.10 (3.1.10)
)))
(/Users/ramlaoui/Library/Application Support/MiKTeX/texmfs/install/tex/generic/
pgf/systemlayer/pgfsyssoftpath.code.tex
File: pgfsyssoftpath.code.tex 2023-01-15 v3.1.10 (3.1.10)
\pgfsyssoftpath@smallbuffer@items=\count349
\pgfsyssoftpath@bigbuffer@items=\count350
)
(/Users/ramlaoui/Library/Application Support/MiKTeX/texmfs/install/tex/generic/
pgf/systemlayer/pgfsysprotocol.code.tex
File: pgfsysprotocol.code.tex 2023-01-15 v3.1.10 (3.1.10)
))
(/Users/ramlaoui/Library/Application Support/MiKTeX/texmfs/install/tex/generic/
pgf/basiclayer/pgfcore.code.tex
Package: pgfcore 2023-01-15 v3.1.10 (3.1.10)

(/Users/ramlaoui/Library/Application Support/MiKTeX/texmfs/install/tex/generic/
pgf/math/pgfmath.code.tex
(/Users/ramlaoui/Library/Application Support/MiKTeX/texmfs/install/tex/generic/
pgf/math/pgfmathutil.code.tex)
(/Users/ramlaoui/Library/Application Support/MiKTeX/texmfs/install/tex/generic/
pgf/math/pgfmathparser.code.tex
\pgfmath@dimen=\dimen288
\pgfmath@count=\count351
\pgfmath@box=\box62
\pgfmath@toks=\toks47
\pgfmath@stack@operand=\toks48
\pgfmath@stack@operation=\toks49
)
(/Users/ramlaoui/Library/Application Support/MiKTeX/texmfs/install/tex/generic/
pgf/math/pgfmathfunctions.code.tex)
(/Users/ramlaoui/Library/Application Support/MiKTeX/texmfs/install/tex/generic/
pgf/math/pgfmathfunctions.basic.code.tex)
(/Users/ramlaoui/Library/Application Support/MiKTeX/texmfs/install/tex/generic/
pgf/math/pgfmathfunctions.trigonometric.code.tex)
(/Users/ramlaoui/Library/Application Support/MiKTeX/texmfs/install/tex/generic/
pgf/math/pgfmathfunctions.random.code.tex)
(/Users/ramlaoui/Library/Application Support/MiKTeX/texmfs/install/tex/generic/
pgf/math/pgfmathfunctions.comparison.code.tex)
(/Users/ramlaoui/Library/Application Support/MiKTeX/texmfs/install/tex/generic/
pgf/math/pgfmathfunctions.base.code.tex)
(/Users/ramlaoui/Library/Application Support/MiKTeX/texmfs/install/tex/generic/
pgf/math/pgfmathfunctions.round.code.tex)
(/Users/ramlaoui/Library/Application Support/MiKTeX/texmfs/install/tex/generic/
pgf/math/pgfmathfunctions.misc.code.tex)
(/Users/ramlaoui/Library/Application Support/MiKTeX/texmfs/install/tex/generic/
pgf/math/pgfmathfunctions.integerarithmetics.code.tex)
(/Users/ramlaoui/Library/Application Support/MiKTeX/texmfs/install/tex/generic/
pgf/math/pgfmathcalc.code.tex)
(/Users/ramlaoui/Library/Application Support/MiKTeX/texmfs/install/tex/generic/
pgf/math/pgfmathfloat.code.tex
\c@pgfmathroundto@lastzeros=\count352
))
(/Users/ramlaoui/Library/Application Support/MiKTeX/texmfs/install/tex/generic/
pgf/math/pgfint.code.tex)
(/Users/ramlaoui/Library/Application Support/MiKTeX/texmfs/install/tex/generic/
pgf/basiclayer/pgfcorepoints.code.tex
File: pgfcorepoints.code.tex 2023-01-15 v3.1.10 (3.1.10)
\pgf@picminx=\dimen289
\pgf@picmaxx=\dimen290
\pgf@picminy=\dimen291
\pgf@picmaxy=\dimen292
\pgf@pathminx=\dimen293
\pgf@pathmaxx=\dimen294
\pgf@pathminy=\dimen295
\pgf@pathmaxy=\dimen296
\pgf@xx=\dimen297
\pgf@xy=\dimen298
\pgf@yx=\dimen299
\pgf@yy=\dimen300
\pgf@zx=\dimen301
\pgf@zy=\dimen302
)
(/Users/ramlaoui/Library/Application Support/MiKTeX/texmfs/install/tex/generic/
pgf/basiclayer/pgfcorepathconstruct.code.tex
File: pgfcorepathconstruct.code.tex 2023-01-15 v3.1.10 (3.1.10)
\pgf@path@lastx=\dimen303
\pgf@path@lasty=\dimen304
)
(/Users/ramlaoui/Library/Application Support/MiKTeX/texmfs/install/tex/generic/
pgf/basiclayer/pgfcorepathusage.code.tex
File: pgfcorepathusage.code.tex 2023-01-15 v3.1.10 (3.1.10)
\pgf@shorten@end@additional=\dimen305
\pgf@shorten@start@additional=\dimen306
)
(/Users/ramlaoui/Library/Application Support/MiKTeX/texmfs/install/tex/generic/
pgf/basiclayer/pgfcorescopes.code.tex
File: pgfcorescopes.code.tex 2023-01-15 v3.1.10 (3.1.10)
\pgfpic=\box63
\pgf@hbox=\box64
\pgf@layerbox@main=\box65
\pgf@picture@serial@count=\count353
)
(/Users/ramlaoui/Library/Application Support/MiKTeX/texmfs/install/tex/generic/
pgf/basiclayer/pgfcoregraphicstate.code.tex
File: pgfcoregraphicstate.code.tex 2023-01-15 v3.1.10 (3.1.10)
\pgflinewidth=\dimen307
)
(/Users/ramlaoui/Library/Application Support/MiKTeX/texmfs/install/tex/generic/
pgf/basiclayer/pgfcoretransformations.code.tex
File: pgfcoretransformations.code.tex 2023-01-15 v3.1.10 (3.1.10)
\pgf@pt@x=\dimen308
\pgf@pt@y=\dimen309
\pgf@pt@temp=\dimen310
)
(/Users/ramlaoui/Library/Application Support/MiKTeX/texmfs/install/tex/generic/
pgf/basiclayer/pgfcorequick.code.tex
File: pgfcorequick.code.tex 2023-01-15 v3.1.10 (3.1.10)
)
(/Users/ramlaoui/Library/Application Support/MiKTeX/texmfs/install/tex/generic/
pgf/basiclayer/pgfcoreobjects.code.tex
File: pgfcoreobjects.code.tex 2023-01-15 v3.1.10 (3.1.10)
)
(/Users/ramlaoui/Library/Application Support/MiKTeX/texmfs/install/tex/generic/
pgf/basiclayer/pgfcorepathprocessing.code.tex
File: pgfcorepathprocessing.code.tex 2023-01-15 v3.1.10 (3.1.10)
)
(/Users/ramlaoui/Library/Application Support/MiKTeX/texmfs/install/tex/generic/
pgf/basiclayer/pgfcorearrows.code.tex
File: pgfcorearrows.code.tex 2023-01-15 v3.1.10 (3.1.10)
\pgfarrowsep=\dimen311
)
(/Users/ramlaoui/Library/Application Support/MiKTeX/texmfs/install/tex/generic/
pgf/basiclayer/pgfcoreshade.code.tex
File: pgfcoreshade.code.tex 2023-01-15 v3.1.10 (3.1.10)
\pgf@max=\dimen312
\pgf@sys@shading@range@num=\count354
\pgf@shadingcount=\count355
)
(/Users/ramlaoui/Library/Application Support/MiKTeX/texmfs/install/tex/generic/
pgf/basiclayer/pgfcoreimage.code.tex
File: pgfcoreimage.code.tex 2023-01-15 v3.1.10 (3.1.10)
)
(/Users/ramlaoui/Library/Application Support/MiKTeX/texmfs/install/tex/generic/
pgf/basiclayer/pgfcoreexternal.code.tex
File: pgfcoreexternal.code.tex 2023-01-15 v3.1.10 (3.1.10)
\pgfexternal@startupbox=\box66
)
(/Users/ramlaoui/Library/Application Support/MiKTeX/texmfs/install/tex/generic/
pgf/basiclayer/pgfcorelayers.code.tex
File: pgfcorelayers.code.tex 2023-01-15 v3.1.10 (3.1.10)
)
(/Users/ramlaoui/Library/Application Support/MiKTeX/texmfs/install/tex/generic/
pgf/basiclayer/pgfcoretransparency.code.tex
File: pgfcoretransparency.code.tex 2023-01-15 v3.1.10 (3.1.10)
)
(/Users/ramlaoui/Library/Application Support/MiKTeX/texmfs/install/tex/generic/
pgf/basiclayer/pgfcorepatterns.code.tex
File: pgfcorepatterns.code.tex 2023-01-15 v3.1.10 (3.1.10)
)
(/Users/ramlaoui/Library/Application Support/MiKTeX/texmfs/install/tex/generic/
pgf/basiclayer/pgfcorerdf.code.tex
File: pgfcorerdf.code.tex 2023-01-15 v3.1.10 (3.1.10)
)))
(/Users/ramlaoui/Library/Application Support/MiKTeX/texmfs/install/tex/generic/
pgf/modules/pgfmoduleshapes.code.tex
File: pgfmoduleshapes.code.tex 2023-01-15 v3.1.10 (3.1.10)
\pgfnodeparttextbox=\box67
)
(/Users/ramlaoui/Library/Application Support/MiKTeX/texmfs/install/tex/generic/
pgf/modules/pgfmoduleplot.code.tex
File: pgfmoduleplot.code.tex 2023-01-15 v3.1.10 (3.1.10)
)
(/Users/ramlaoui/Library/Application Support/MiKTeX/texmfs/install/tex/latex/pg
f/compatibility/pgfcomp-version-0-65.sty
Package: pgfcomp-version-0-65 2023-01-15 v3.1.10 (3.1.10)
\pgf@nodesepstart=\dimen313
\pgf@nodesepend=\dimen314
)
(/Users/ramlaoui/Library/Application Support/MiKTeX/texmfs/install/tex/latex/pg
f/compatibility/pgfcomp-version-1-18.sty
Package: pgfcomp-version-1-18 2023-01-15 v3.1.10 (3.1.10)
))
(/Users/ramlaoui/Library/Application Support/MiKTeX/texmfs/install/tex/latex/pg
f/utilities/pgffor.sty
(/Users/ramlaoui/Library/Application Support/MiKTeX/texmfs/install/tex/latex/pg
f/utilities/pgfkeys.sty
(/Users/ramlaoui/Library/Application Support/MiKTeX/texmfs/install/tex/generic/
pgf/utilities/pgfkeys.code.tex))
(/Users/ramlaoui/Library/Application Support/MiKTeX/texmfs/install/tex/latex/pg
f/math/pgfmath.sty
(/Users/ramlaoui/Library/Application Support/MiKTeX/texmfs/install/tex/generic/
pgf/math/pgfmath.code.tex))
(/Users/ramlaoui/Library/Application Support/MiKTeX/texmfs/install/tex/generic/
pgf/utilities/pgffor.code.tex
Package: pgffor 2023-01-15 v3.1.10 (3.1.10)
\pgffor@iter=\dimen315
\pgffor@skip=\dimen316
\pgffor@stack=\toks50
\pgffor@toks=\toks51
))
(/Users/ramlaoui/Library/Application Support/MiKTeX/texmfs/install/tex/generic/
pgf/frontendlayer/tikz/tikz.code.tex
Package: tikz 2023-01-15 v3.1.10 (3.1.10)

(/Users/ramlaoui/Library/Application Support/MiKTeX/texmfs/install/tex/generic/
pgf/libraries/pgflibraryplothandlers.code.tex
File: pgflibraryplothandlers.code.tex 2023-01-15 v3.1.10 (3.1.10)
\pgf@plot@mark@count=\count356
\pgfplotmarksize=\dimen317
)
\tikz@lastx=\dimen318
\tikz@lasty=\dimen319
\tikz@lastxsaved=\dimen320
\tikz@lastysaved=\dimen321
\tikz@lastmovetox=\dimen322
\tikz@lastmovetoy=\dimen323
\tikzleveldistance=\dimen324
\tikzsiblingdistance=\dimen325
\tikz@figbox=\box68
\tikz@figbox@bg=\box69
\tikz@tempbox=\box70
\tikz@tempbox@bg=\box71
\tikztreelevel=\count357
\tikznumberofchildren=\count358
\tikznumberofcurrentchild=\count359
\tikz@fig@count=\count360

(/Users/ramlaoui/Library/Application Support/MiKTeX/texmfs/install/tex/generic/
pgf/modules/pgfmodulematrix.code.tex
File: pgfmodulematrix.code.tex 2023-01-15 v3.1.10 (3.1.10)
\pgfmatrixcurrentrow=\count361
\pgfmatrixcurrentcolumn=\count362
\pgf@matrix@numberofcolumns=\count363
)
\tikz@expandcount=\count364

(/Users/ramlaoui/Library/Application Support/MiKTeX/texmfs/install/tex/generic/
pgf/frontendlayer/tikz/libraries/tikzlibrarytopaths.code.tex
File: tikzlibrarytopaths.code.tex 2023-01-15 v3.1.10 (3.1.10)
)))
(/Users/ramlaoui/Library/Application Support/MiKTeX/texmfs/install/tex/latex/to
ols/verbatim.sty
Package: verbatim 2024-01-22 v1.5x LaTeX2e package for verbatim enhancements
\every@verbatim=\toks52
\verbatim@line=\toks53
\verbatim@in@stream=\read4
)
(/Users/ramlaoui/Library/Application Support/MiKTeX/texmfs/install/tex/latex/en
viron/environ.sty
Package: environ 2014/05/04 v0.3 A new way to define environments

(/Users/ramlaoui/Library/Application Support/MiKTeX/texmfs/install/tex/latex/tr
imspaces/trimspaces.sty
Package: trimspaces 2009/09/17 v1.1 Trim spaces around a token list
))
\tcb@titlebox=\box72
\tcb@upperbox=\box73
\tcb@lowerbox=\box74
\tcb@phantombox=\box75
\c@tcbbreakpart=\count365
\c@tcblayer=\count366
\c@tcolorbox@number=\count367
\l__tcobox_tmpa_box=\box76
\l__tcobox_tmpa_dim=\dimen326
\tcb@temp=\box77
\tcb@temp=\box78
\tcb@temp=\box79
\tcb@temp=\box80
)
(/Users/ramlaoui/Library/Application Support/MiKTeX/texmfs/install/tex/latex/tc
olorbox/tcbskins.code.tex
Library (tcolorbox): 'tcbskins.code.tex' version '6.6.0'

(/Users/ramlaoui/Library/Application Support/MiKTeX/texmfs/install/tex/latex/ti
kzfill/tikzfill.image.sty
Package: tikzfill.image 2026/04/23 v1.2.0 Image filling library for TikZ

(/Users/ramlaoui/Library/Application Support/MiKTeX/texmfs/install/tex/latex/ti
kzfill/tikzlibraryfill.image.code.tex
File: tikzlibraryfill.image.code.tex 2026/04/23 v1.2.0 Image filling library
\l__tikzfill_tmpa_dim=\dimen327
\l__tikzfill_tmpb_dim=\dimen328
\l__tikzfill_img_box=\box81
))
(/Users/ramlaoui/Library/Application Support/MiKTeX/texmfs/install/tex/latex/tc
olorbox/tcbskinsjigsaw.code.tex
Library (tcolorbox): 'tcbskinsjigsaw.code.tex' version '6.6.0'
))
(/Users/ramlaoui/Library/Application Support/MiKTeX/texmfs/install/tex/latex/tc
olorbox/tcbbreakable.code.tex
Library (tcolorbox): 'tcbbreakable.code.tex' version '6.6.0'

(/Users/ramlaoui/Library/Application Support/MiKTeX/texmfs/install/tex/latex/pd
fcol/pdfcol.sty
Package: pdfcol 2022-09-21 v1.7 Handle new color stacks for pdfTeX (HO)
)
Package pdfcol Info: New color stack `tcb@breakable' = 1 on input line 23.
\tcb@testbox=\box82
\tcb@totalupperbox=\box83
\tcb@totallowerbox=\box84
)
(/Users/ramlaoui/Library/Application Support/MiKTeX/texmfs/install/tex/latex/to
ols/array.sty
Package: array 2025/06/08 v2.6j Tabular extension package (FMi)
\col@sep=\dimen329
\ar@mcellbox=\box85
\extrarowheight=\dimen330
\NC@list=\toks54
\extratabsurround=\skip94
\backup@length=\skip95
\ar@cellbox=\box86
)
(/Users/ramlaoui/Library/Application Support/MiKTeX/texmfs/install/tex/latex/mu
ltirow/multirow.sty
Package: multirow 2024/11/12 v2.9 Span multiple rows of a table
\multirow@colwidth=\skip96
\multirow@cntb=\count368
\multirow@dima=\skip97
\bigstrutjot=\dimen331
)
Package hyperref Info: Option `colorlinks' set `true' on input line 45.
\c@proposition=\count369
Package french3.ldf Info: Setting StandardItemizeEnv=true for
(french3.ldf)             compatibility with enumitem package,
(french3.ldf)             reported on input line 110.
Package french3.ldf Info: Setting StandardEnumerateEnv=true for
(french3.ldf)             compatibility with enumitem package,
(french3.ldf)             reported on input line 110.
LaTeX Font Info:    Trying to load font information for T1+lmr on input line 11
0.

(/Users/ramlaoui/Library/Application Support/MiKTeX/texmfs/install/tex/latex/lm
/t1lmr.fd
File: t1lmr.fd 2015/05/01 v1.6.1 Font defs for Latin Modern
)
(/Users/ramlaoui/Library/Application Support/MiKTeX/texmfs/install/tex/latex/l3
backend/l3backend-pdftex.def
File: l3backend-pdftex.def 2025-06-09 L3 backend support: PDF output (pdfTeX)
\l__color_backend_stack_int=\count370
) (rapport_final.aux
Package babel Info: 'french' activates 'french' shorthands.
(babel)             Reported  on input line 11.
)
\openout1 = `rapport_final.aux'.

LaTeX Font Info:    Checking defaults for OML/cmm/m/it on input line 110.
LaTeX Font Info:    ... okay on input line 110.
LaTeX Font Info:    Checking defaults for OMS/cmsy/m/n on input line 110.
LaTeX Font Info:    ... okay on input line 110.
LaTeX Font Info:    Checking defaults for OT1/cmr/m/n on input line 110.
LaTeX Font Info:    ... okay on input line 110.
LaTeX Font Info:    Checking defaults for T1/cmr/m/n on input line 110.
LaTeX Font Info:    ... okay on input line 110.
LaTeX Font Info:    Checking defaults for TS1/cmr/m/n on input line 110.
LaTeX Font Info:    ... okay on input line 110.
LaTeX Font Info:    Checking defaults for OMX/cmex/m/n on input line 110.
LaTeX Font Info:    ... okay on input line 110.
LaTeX Font Info:    Checking defaults for U/cmr/m/n on input line 110.
LaTeX Font Info:    ... okay on input line 110.
LaTeX Font Info:    Checking defaults for PD1/pdf/m/n on input line 110.
LaTeX Font Info:    ... okay on input line 110.
LaTeX Font Info:    Checking defaults for PU/pdf/m/n on input line 110.
LaTeX Font Info:    ... okay on input line 110.
LaTeX Info: Redefining \degres on input line 110.
LaTeX Info: Redefining \microtypecontext on input line 110.
Package microtype Info: Applying patch `item' on input line 110.
Package microtype Info: Applying patch `toc' on input line 110.
Package microtype Info: Applying patch `eqnum' on input line 110.
Package microtype Info: Applying patch `footnote' on input line 110.
Package microtype Info: Applying patch `verbatim' on input line 110.
LaTeX Info: Redefining \microtypesetup on input line 110.
Package microtype Info: Generating PDF output.
Package microtype Info: Character protrusion enabled (level 2).
Package microtype Info: Using default protrusion set `alltext'.
Package microtype Info: Automatic font expansion enabled (level 2),
(microtype)             stretch: 20, shrink: 20, step: 1, non-selected.
Package microtype Info: Using default expansion set `alltext-nott'.
Package microtype Info: Patching command `\showhyphens'.
Package microtype Info: No adjustment of tracking.
Package microtype Info: No adjustment of interword spacing.
Package microtype Info: No adjustment of character kerning.

(/Users/ramlaoui/Library/Application Support/MiKTeX/texmfs/install/tex/latex/mi
crotype/mt-cmr.cfg
File: mt-cmr.cfg 2013/05/19 v2.2 microtype config. file: Computer Modern Roman 
(RS)
)
(/Users/ramlaoui/Library/Application Support/MiKTeX/texmfs/install/tex/context/
base/mkii/supp-pdf.mkii
[Loading MPS to PDF converter (version 2006.09.02).]
\scratchcounter=\count371
\scratchdimen=\dimen332
\scratchbox=\box87
\nofMPsegments=\count372
\nofMParguments=\count373
\everyMPshowfont=\toks55
\MPscratchCnt=\count374
\MPscratchDim=\dimen333
\MPnumerator=\count375
\makeMPintoPDFobject=\count376
\everyMPtoPDFconversion=\toks56
)
(/Users/ramlaoui/Library/Application Support/MiKTeX/texmfs/install/tex/latex/ep
stopdf-pkg/epstopdf-base.sty
Package: epstopdf-base 2020-01-24 v2.11 Base part for package epstopdf
Package epstopdf-base Info: Redefining graphics rule for `.eps' on input line 4
85.

(/Users/ramlaoui/Library/Application Support/MiKTeX/texmfs/install/tex/latex/00
miktex/epstopdf-sys.cfg
File: epstopdf-sys.cfg 2021/03/18 v2.0 Configuration of epstopdf for MiKTeX
))
*geometry* driver: auto-detecting
*geometry* detected driver: pdftex
*geometry* verbose mode - [ preamble ] result:
* driver: pdftex
* paper: a4paper
* layout: <same size as paper>
* layoutoffset:(h,v)=(0.0pt,0.0pt)
* modes: 
* h-part:(L,W,R)=(56.9055pt, 483.69687pt, 56.9055pt)
* v-part:(T,H,B)=(113.81102pt, 631.65118pt, 99.58464pt)
* \paperwidth=597.50787pt
* \paperheight=845.04684pt
* \textwidth=483.69687pt
* \textheight=631.65118pt
* \oddsidemargin=-15.36449pt
* \evensidemargin=-15.36449pt
* \topmargin=-69.4247pt
* \headheight=76.82243pt
* \headsep=34.1433pt
* \topskip=11.0pt
* \footskip=49.79231pt
* \marginparwidth=50.0pt
* \marginparsep=10.0pt
* \columnsep=10.0pt
* \skip\footins=10.0pt plus 4.0pt minus 2.0pt
* \hoffset=0.0pt
* \voffset=0.0pt
* \mag=1000
* \@twocolumnfalse
* \@twosidefalse
* \@mparswitchfalse
* \@reversemarginfalse
* (1in=72.27pt=25.4mm, 1cm=28.453pt)

Package caption Info: Begin \AtBeginDocument code.
Package caption Info: float package is loaded.
Package caption Info: hyperref package is loaded.
Package caption Info: End \AtBeginDocument code.
Package hyperref Info: Link coloring ON on input line 110.
(rapport_final.out) (rapport_final.out)
\@outlinefile=\write4
\openout4 = `rapport_final.out'.


Underfull \hbox (badness 10000) in paragraph at lines 112--112
[]\T1/lmr/m/n/10.95 (+20) Ettahiri Anass & Ramlaoui
 []

<polytechnique-logohori.pdf, id=162, 625.50987pt x 227.64648pt>
File: polytechnique-logohori.pdf Graphic file (type pdf)
<use polytechnique-logohori.pdf>
Package pdftex.def Info: polytechnique-logohori.pdf  used on input line 112.
(pdftex.def)             Requested size: 85.35565pt x 31.06093pt.

Underfull \hbox (badness 10000) in paragraph at lines 112--112

 []

Package microtype Info: Character `029' is missing
(microtype)             in font `T1/lmr/m/sc/24.88'.
(microtype)             Ignoring protrusion settings for this character.
LaTeX Info: Redefining \\ on input line 112.
Package microtype Info: Character `029' is missing
(microtype)             in font `T1/lmr/m/sc/14.4'.
(microtype)             Ignoring protrusion settings for this character.
(rapport_final.toc
LaTeX Font Info:    Trying to load font information for OT1+lmr on input line 6
.

(/Users/ramlaoui/Library/Application Support/MiKTeX/texmfs/install/tex/latex/lm
/ot1lmr.fd
File: ot1lmr.fd 2015/05/01 v1.6.1 Font defs for Latin Modern
)
LaTeX Font Info:    Trying to load font information for OML+lmm on input line 6
.

(/Users/ramlaoui/Library/Application Support/MiKTeX/texmfs/install/tex/latex/lm
/omllmm.fd
File: omllmm.fd 2015/05/01 v1.6.1 Font defs for Latin Modern
)
LaTeX Font Info:    Trying to load font information for OMS+lmsy on input line 
6.

(/Users/ramlaoui/Library/Application Support/MiKTeX/texmfs/install/tex/latex/lm
/omslmsy.fd
File: omslmsy.fd 2015/05/01 v1.6.1 Font defs for Latin Modern
)
LaTeX Font Info:    Trying to load font information for OMX+lmex on input line 
6.

(/Users/ramlaoui/Library/Application Support/MiKTeX/texmfs/install/tex/latex/lm
/omxlmex.fd
File: omxlmex.fd 2015/05/01 v1.6.1 Font defs for Latin Modern
)
LaTeX Font Info:    External font `lmex10' loaded for size
(Font)              <10.95> on input line 6.
LaTeX Font Info:    External font `lmex10' loaded for size
(Font)              <8> on input line 6.
LaTeX Font Info:    External font `lmex10' loaded for size
(Font)              <6> on input line 6.
LaTeX Font Info:    Trying to load font information for U+msa on input line 6.

(/Users/ramlaoui/Library/Application Support/MiKTeX/texmfs/install/tex/latex/am
sfonts/umsa.fd
File: umsa.fd 2013/01/14 v3.01 AMS symbols A
)
(/Users/ramlaoui/Library/Application Support/MiKTeX/texmfs/install/tex/latex/mi
crotype/mt-msa.cfg
File: mt-msa.cfg 2006/02/04 v1.1 microtype config. file: AMS symbols (a) (RS)
)
LaTeX Font Info:    Trying to load font information for U+msb on input line 6.

(/Users/ramlaoui/Library/Application Support/MiKTeX/texmfs/install/tex/latex/am
sfonts/umsb.fd
File: umsb.fd 2013/01/14 v3.01 AMS symbols B
)
(/Users/ramlaoui/Library/Application Support/MiKTeX/texmfs/install/tex/latex/mi
crotype/mt-msb.cfg
File: mt-msb.cfg 2005/06/01 v1.0 microtype config. file: AMS symbols (b) (RS)
)

[1

{/Users/ramlaoui/Library/Application Support/MiKTeX/texmfs/data/fonts/map/pdfte
x/pdftex.map} <./polytechnique-logohori.pdf>]

Package microtype Info: Character `029' is missing
(microtype)             in font `T1/lmr/m/sc/10.95'.
(microtype)             Ignoring protrusion settings for this character.
File: polytechnique-logohori.pdf Graphic file (type pdf)
<use polytechnique-logohori.pdf>
Package pdftex.def Info: polytechnique-logohori.pdf  used on input line 77.
(pdftex.def)             Requested size: 156.35799pt x 56.90453pt.
[2])
\tf@toc=\write5
\openout5 = `rapport_final.toc'.



File: polytechnique-logohori.pdf Graphic file (type pdf)
<use polytechnique-logohori.pdf>
Package pdftex.def Info: polytechnique-logohori.pdf  used on input line 128.
(pdftex.def)             Requested size: 156.35799pt x 56.90453pt.
[3]
LaTeX Font Info:    External font `lmex10' loaded for size
(Font)              <10> on input line 163.
LaTeX Font Info:    External font `lmex10' loaded for size
(Font)              <7> on input line 163.
LaTeX Font Info:    External font `lmex10' loaded for size
(Font)              <5> on input line 163.


LaTeX Font Warning: Font shape `T1/lmr/bx/sc' undefined
(Font)              using `T1/lmr/bx/n' instead on input line 179.



File: polytechnique-logohori.pdf Graphic file (type pdf)
<use polytechnique-logohori.pdf>
Package pdftex.def Info: polytechnique-logohori.pdf  used on input line 196.
(pdftex.def)             Requested size: 156.35799pt x 56.90453pt.
[4]
<figures/trajectories_subplots.png, id=251, 859.2903pt x 426.393pt>
File: figures/trajectories_subplots.png Graphic file (type png)
<use figures/trajectories_subplots.png>
Package pdftex.def Info: figures/trajectories_subplots.png  used on input line 
212.
(pdftex.def)             Requested size: 266.03474pt x 132.01129pt.
LaTeX Font Info:    External font `lmex10' loaded for size
(Font)              <9> on input line 213.
<figures/trajectory_plane.png, id=253, 608.5134pt x 506.6127pt>
File: figures/trajectory_plane.png Graphic file (type png)
<use figures/trajectory_plane.png>
Package pdftex.def Info: figures/trajectory_plane.png  used on input line 216.
(pdftex.def)             Requested size: 203.1518pt x 169.13072pt.


File: polytechnique-logohori.pdf Graphic file (type pdf)
<use polytechnique-logohori.pdf>
Package pdftex.def Info: polytechnique-logohori.pdf  used on input line 249.
(pdftex.def)             Requested size: 156.35799pt x 56.90453pt.
[5 <./figures/trajectories_subplots.png> <./figures/trajectory_plane.png>]
LaTeX Font Info:    Trying to load font information for T1+lmss on input line 2
58.

(/Users/ramlaoui/Library/Application Support/MiKTeX/texmfs/install/tex/latex/lm
/t1lmss.fd
File: t1lmss.fd 2015/05/01 v1.6.1 Font defs for Latin Modern
)
Package microtype Info: Loading generic protrusion settings for font family
(microtype)             `lmss' (encoding: T1).
(microtype)             For optimal results, create family-specific settings.
(microtype)             See the microtype manual for details.
<figures/gaussian_approx.png, id=269, 623.6901pt x 396.0396pt>
File: figures/gaussian_approx.png Graphic file (type png)
<use figures/gaussian_approx.png>
Package pdftex.def Info: figures/gaussian_approx.png  used on input line 298.
(pdftex.def)             Requested size: 248.82079pt x 157.99605pt.


File: polytechnique-logohori.pdf Graphic file (type pdf)
<use polytechnique-logohori.pdf>
Package pdftex.def Info: polytechnique-logohori.pdf  used on input line 311.
(pdftex.def)             Requested size: 156.35799pt x 56.90453pt.
[6]
<figures/stopping_time_hist.png, id=280, 617.9085pt x 396.0396pt>
File: figures/stopping_time_hist.png Graphic file (type png)
<use figures/stopping_time_hist.png>
Package pdftex.def Info: figures/stopping_time_hist.png  used on input line 387
.
(pdftex.def)             Requested size: 221.67795pt x 142.0786pt.

Underfull \hbox (badness 2368) in paragraph at lines 388--388
\T1/lmr/m/n/9 (+20) réalisations). La forme asymétrique à droite est
 []

<figures/ig_distribution.png, id=281, 622.9674pt x 396.0396pt>
File: figures/ig_distribution.png Graphic file (type png)
<use figures/ig_distribution.png>
Package pdftex.def Info: figures/ig_distribution.png  used on input line 391.
(pdftex.def)             Requested size: 221.67795pt x 140.92438pt.

Underfull \hbox (badness 3148) in paragraph at lines 392--392
[]\T1/lmr/bx/n/9 (+20) (b) |\T1/lmr/m/n/9 (+20) Densité IG théorique (rouge) su
perposée à
 []



File: polytechnique-logohori.pdf Graphic file (type pdf)
<use polytechnique-logohori.pdf>
Package pdftex.def Info: polytechnique-logohori.pdf  used on input line 404.
(pdftex.def)             Requested size: 156.35799pt x 56.90453pt.
[7 <./figures/gaussian_approx.png>]
LaTeX Font Info:    External font `lmex10' loaded for size
(Font)              <12> on input line 406.


Package hyperref Warning: Token not allowed in a PDF string (Unicode):
(hyperref)                removing `subscript' on input line 406.


Package hyperref Warning: Token not allowed in a PDF string (Unicode):
(hyperref)                removing `subscript' on input line 406.



File: polytechnique-logohori.pdf Graphic file (type pdf)
<use polytechnique-logohori.pdf>
Package pdftex.def Info: polytechnique-logohori.pdf  used on input line 417.
(pdftex.def)             Requested size: 156.35799pt x 56.90453pt.
[8 <./figures/stopping_time_hist.png> <./figures/ig_distribution.png>]
<figures/ruin_validation.png, id=306, 1082.6046pt x 370.7451pt>
File: figures/ruin_validation.png Graphic file (type png)
<use figures/ruin_validation.png>
Package pdftex.def Info: figures/ruin_validation.png  used on input line 449.
(pdftex.def)             Requested size: 384.54184pt x 131.68614pt.


File: polytechnique-logohori.pdf Graphic file (type pdf)
<use polytechnique-logohori.pdf>
Package pdftex.def Info: polytechnique-logohori.pdf  used on input line 482.
(pdftex.def)             Requested size: 156.35799pt x 56.90453pt.
[9 <./figures/ruin_validation.png>]
<figures/time_proba_3d_poisson.png, id=321, 1124.5212pt x 485.6544pt>
File: figures/time_proba_3d_poisson.png Graphic file (type png)
<use figures/time_proba_3d_poisson.png>
Package pdftex.def Info: figures/time_proba_3d_poisson.png  used on input line 
488.
(pdftex.def)             Requested size: 483.69687pt x 208.89401pt.


File: polytechnique-logohori.pdf Graphic file (type pdf)
<use polytechnique-logohori.pdf>
Package pdftex.def Info: polytechnique-logohori.pdf  used on input line 510.
(pdftex.def)             Requested size: 156.35799pt x 56.90453pt.
[10 <./figures/time_proba_3d_poisson.png>]
<figures/hawkes_lambda_T.png, id=330, 611.4042pt x 396.0396pt>
File: figures/hawkes_lambda_T.png Graphic file (type png)
<use figures/hawkes_lambda_T.png>
Package pdftex.def Info: figures/hawkes_lambda_T.png  used on input line 571.
(pdftex.def)             Requested size: 248.82079pt x 161.17471pt.


File: polytechnique-logohori.pdf Graphic file (type pdf)
<use polytechnique-logohori.pdf>
Package pdftex.def Info: polytechnique-logohori.pdf  used on input line 590.
(pdftex.def)             Requested size: 156.35799pt x 56.90453pt.
[11]
Package hyperref Info: bookmark level for unknown algorithm defaults to 0 on in
put line 598.


File: polytechnique-logohori.pdf Graphic file (type pdf)
<use polytechnique-logohori.pdf>
Package pdftex.def Info: polytechnique-logohori.pdf  used on input line 623.
(pdftex.def)             Requested size: 156.35799pt x 56.90453pt.
[12 <./figures/hawkes_lambda_T.png>]
<figures/hawkes_trajectory.png, id=347, 734.9859pt x 397.485pt>
File: figures/hawkes_trajectory.png Graphic file (type png)
<use figures/hawkes_trajectory.png>
Package pdftex.def Info: figures/hawkes_trajectory.png  used on input line 629.

(pdftex.def)             Requested size: 237.01411pt x 128.18034pt.
<figures/hawkes_lambda.png, id=348, 714.0276pt x 397.485pt>
File: figures/hawkes_lambda.png Graphic file (type png)
<use figures/hawkes_lambda.png>
Package pdftex.def Info: figures/hawkes_lambda.png  used on input line 633.
(pdftex.def)             Requested size: 237.01411pt x 131.94072pt.
<figures/hawkes_stopping_dist.png, id=349, 617.9085pt x 396.0396pt>
File: figures/hawkes_stopping_dist.png Graphic file (type png)
<use figures/hawkes_stopping_dist.png>
Package pdftex.def Info: figures/hawkes_stopping_dist.png  used on input line 6
42.
(pdftex.def)             Requested size: 266.03474pt x 170.51125pt.


File: polytechnique-logohori.pdf Graphic file (type pdf)
<use polytechnique-logohori.pdf>
Package pdftex.def Info: polytechnique-logohori.pdf  used on input line 646.
(pdftex.def)             Requested size: 156.35799pt x 56.90453pt.
[13 <./figures/hawkes_trajectory.png> <./figures/hawkes_lambda.png>]
<figures/coupled_hawkes_traj.png, id=359, 859.2903pt x 426.393pt>
File: figures/coupled_hawkes_traj.png Graphic file (type png)
<use figures/coupled_hawkes_traj.png>
Package pdftex.def Info: figures/coupled_hawkes_traj.png  used on input line 67
6.
(pdftex.def)             Requested size: 237.01411pt x 117.6065pt.
<figures/coupled_hawkes_stopping.png, id=360, 611.4042pt x 396.0396pt>
File: figures/coupled_hawkes_stopping.png Graphic file (type png)
<use figures/coupled_hawkes_stopping.png>
Package pdftex.def Info: figures/coupled_hawkes_stopping.png  used on input lin
e 680.
(pdftex.def)             Requested size: 237.01411pt x 153.52419pt.


File: polytechnique-logohori.pdf Graphic file (type pdf)
<use polytechnique-logohori.pdf>
Package pdftex.def Info: polytechnique-logohori.pdf  used on input line 686.
(pdftex.def)             Requested size: 156.35799pt x 56.90453pt.
[14 <./figures/hawkes_stopping_dist.png>]
<figures/hawkes_coupled_3d.png, id=367, 1125.9666pt x 479.1501pt>
File: figures/hawkes_coupled_3d.png Graphic file (type png)
<use figures/hawkes_coupled_3d.png>
Package pdftex.def Info: figures/hawkes_coupled_3d.png  used on input line 689.

(pdftex.def)             Requested size: 483.69687pt x 205.83311pt.


File: polytechnique-logohori.pdf Graphic file (type pdf)
<use polytechnique-logohori.pdf>
Package pdftex.def Info: polytechnique-logohori.pdf  used on input line 714.
(pdftex.def)             Requested size: 156.35799pt x 56.90453pt.
[15 <./figures/coupled_hawkes_traj.png> <./figures/coupled_hawkes_stopping.png>
 <./figures/hawkes_coupled_3d.png>]
<figures/comparison.png, id=377, 723.4227pt x 507.3354pt>
File: figures/comparison.png Graphic file (type png)
<use figures/comparison.png>
Package pdftex.def Info: figures/comparison.png  used on input line 717.
(pdftex.def)             Requested size: 411.14528pt x 288.34038pt.
<figures/q2_asymmetric.png, id=378, 860.013pt x 350.7504pt>
File: figures/q2_asymmetric.png Graphic file (type png)
<use figures/q2_asymmetric.png>
Package pdftex.def Info: figures/q2_asymmetric.png  used on input line 734.
(pdftex.def)             Requested size: 483.69687pt x 197.26985pt.


File: polytechnique-logohori.pdf Graphic file (type pdf)
<use polytechnique-logohori.pdf>
Package pdftex.def Info: polytechnique-logohori.pdf  used on input line 741.
(pdftex.def)             Requested size: 156.35799pt x 56.90453pt.
[16 <./figures/comparison.png>]
<figures/q2_symmetric_poisson.png, id=386, 860.013pt x 350.7504pt>
File: figures/q2_symmetric_poisson.png Graphic file (type png)
<use figures/q2_symmetric_poisson.png>
Package pdftex.def Info: figures/q2_symmetric_poisson.png  used on input line 7
50.
(pdftex.def)             Requested size: 237.01411pt x 96.6627pt.
<figures/q2_symmetric_excited.png, id=387, 860.013pt x 350.7504pt>
File: figures/q2_symmetric_excited.png Graphic file (type png)
<use figures/q2_symmetric_excited.png>
Package pdftex.def Info: figures/q2_symmetric_excited.png  used on input line 7
54.
(pdftex.def)             Requested size: 237.01411pt x 96.6627pt.


File: polytechnique-logohori.pdf Graphic file (type pdf)
<use polytechnique-logohori.pdf>
Package pdftex.def Info: polytechnique-logohori.pdf  used on input line 776.
(pdftex.def)             Requested size: 156.35799pt x 56.90453pt.
[17 <./figures/q2_asymmetric.png> <./figures/q2_symmetric_poisson.png> <./figur
es/q2_symmetric_excited.png>]
<figures/price_sym.png, id=397, 859.2903pt x 281.853pt>
File: figures/price_sym.png Graphic file (type png)
<use figures/price_sym.png>
Package pdftex.def Info: figures/price_sym.png  used on input line 836.
(pdftex.def)             Requested size: 221.67795pt x 72.71236pt.
<figures/price_asym.png, id=398, 859.2903pt x 281.853pt>
File: figures/price_asym.png Graphic file (type png)
<use figures/price_asym.png>
Package pdftex.def Info: figures/price_asym.png  used on input line 840.
(pdftex.def)             Requested size: 221.67795pt x 72.71236pt.

Underfull \hbox (badness 1983) in paragraph at lines 841--841
[]\T1/lmr/bx/n/9 (+20) (b) |\T1/lmr/m/n/9 (+20) Cas asymétrique. La tendance ha
ussière est
 []



File: polytechnique-logohori.pdf Graphic file (type pdf)
<use polytechnique-logohori.pdf>
Package pdftex.def Info: polytechnique-logohori.pdf  used on input line 856.
(pdftex.def)             Requested size: 156.35799pt x 56.90453pt.
[18]
<figures/orderbook_sym.png, id=408, 1091.9997pt x 658.3797pt>
File: figures/orderbook_sym.png Graphic file (type png)
<use figures/orderbook_sym.png>
Package pdftex.def Info: figures/orderbook_sym.png  used on input line 861.
(pdftex.def)             Requested size: 237.01411pt x 142.89503pt.
<figures/orderbook_asym.png, id=409, 1091.9997pt x 658.3797pt>
File: figures/orderbook_asym.png Graphic file (type png)
<use figures/orderbook_asym.png>
Package pdftex.def Info: figures/orderbook_asym.png  used on input line 865.
(pdftex.def)             Requested size: 237.01411pt x 142.89503pt.
<figures/price_increment_sym.png, id=410, 426.393pt x 281.853pt>
File: figures/price_increment_sym.png Graphic file (type png)
<use figures/price_increment_sym.png>
Package pdftex.def Info: figures/price_increment_sym.png  used on input line 87
5.
(pdftex.def)             Requested size: 237.01411pt x 156.6668pt.
<figures/price_increment_asym.png, id=411, 426.393pt x 281.853pt>
File: figures/price_increment_asym.png Graphic file (type png)
<use figures/price_increment_asym.png>
Package pdftex.def Info: figures/price_increment_asym.png  used on input line 8
79.
(pdftex.def)             Requested size: 237.01411pt x 156.6668pt.

Underfull \hbox (badness 1205) in paragraph at lines 880--880
[]\T1/lmr/bx/n/9 (+20) (b) |\T1/lmr/m/n/9 (+20) Distribution des sauts de prix,
 cas asymétrique.
 []



File: polytechnique-logohori.pdf Graphic file (type pdf)
<use polytechnique-logohori.pdf>
Package pdftex.def Info: polytechnique-logohori.pdf  used on input line 885.
(pdftex.def)             Requested size: 156.35799pt x 56.90453pt.
[19 <./figures/price_sym.png> <./figures/price_asym.png> <./figures/orderbook_s
ym.png> <./figures/orderbook_asym.png>]

File: polytechnique-logohori.pdf Graphic file (type pdf)
<use polytechnique-logohori.pdf>
Package pdftex.def Info: polytechnique-logohori.pdf  used on input line 924.
(pdftex.def)             Requested size: 156.35799pt x 56.90453pt.
[20 <./figures/price_increment_sym.png> <./figures/price_increment_asym.png>]

File: polytechnique-logohori.pdf Graphic file (type pdf)
<use polytechnique-logohori.pdf>
Package pdftex.def Info: polytechnique-logohori.pdf  used on input line 983.
(pdftex.def)             Requested size: 156.35799pt x 56.90453pt.
[21]
<figures/ams_convergence.png, id=441, 947.4597pt x 369.2997pt>
File: figures/ams_convergence.png Graphic file (type png)
<use figures/ams_convergence.png>
Package pdftex.def Info: figures/ams_convergence.png  used on input line 1013.
(pdftex.def)             Requested size: 221.67795pt x 86.40225pt.
<figures/clt_comparison.png, id=442, 947.4597pt x 369.2997pt>
File: figures/clt_comparison.png Graphic file (type png)
<use figures/clt_comparison.png>
Package pdftex.def Info: figures/clt_comparison.png  used on input line 1017.
(pdftex.def)             Requested size: 221.67795pt x 86.40225pt.

Underfull \hbox (badness 1199) in paragraph at lines 1018--1018
[]\T1/lmr/bx/n/9 (+20) (b) |\T1/lmr/m/n/9 (+20) Demi-largeur de l'IC à 95% en f
onction de
 []



File: polytechnique-logohori.pdf Graphic file (type pdf)
<use polytechnique-logohori.pdf>
Package pdftex.def Info: polytechnique-logohori.pdf  used on input line 1038.
(pdftex.def)             Requested size: 156.35799pt x 56.90453pt.
[22 <./figures/ams_convergence.png> <./figures/clt_comparison.png>]
<figures/splitting_levels_offline.png, id=457, 1091.9997pt x 333.1647pt>
File: figures/splitting_levels_offline.png Graphic file (type png)
<use figures/splitting_levels_offline.png>
Package pdftex.def Info: figures/splitting_levels_offline.png  used on input li
ne 1058.
(pdftex.def)             Requested size: 237.01411pt x 72.31023pt.
<figures/splitting_levels_online.png, id=458, 947.4597pt x 369.2997pt>
File: figures/splitting_levels_online.png Graphic file (type png)
<use figures/splitting_levels_online.png>
Package pdftex.def Info: figures/splitting_levels_online.png  used on input lin
e 1062.
(pdftex.def)             Requested size: 237.01411pt x 92.38104pt.
<figures/splitting_levels_offline_bid.png, id=459, 1091.9997pt x 333.1647pt>
File: figures/splitting_levels_offline_bid.png Graphic file (type png)
<use figures/splitting_levels_offline_bid.png>
Package pdftex.def Info: figures/splitting_levels_offline_bid.png  used on inpu
t line 1072.
(pdftex.def)             Requested size: 237.01411pt x 72.31023pt.
<figures/splitting_levels_online_bid.png, id=460, 947.4597pt x 369.2997pt>
File: figures/splitting_levels_online_bid.png Graphic file (type png)
<use figures/splitting_levels_online_bid.png>
Package pdftex.def Info: figures/splitting_levels_online_bid.png  used on input
 line 1076.
(pdftex.def)             Requested size: 237.01411pt x 92.38104pt.
<figures/splitting_sym_ask.png, id=461, 947.4597pt x 369.2997pt>
File: figures/splitting_sym_ask.png Graphic file (type png)
<use figures/splitting_sym_ask.png>
Package pdftex.def Info: figures/splitting_sym_ask.png  used on input line 1086
.
(pdftex.def)             Requested size: 237.01411pt x 92.38104pt.
<figures/splitting_asym_ask.png, id=462, 947.4597pt x 369.2997pt>
File: figures/splitting_asym_ask.png Graphic file (type png)
<use figures/splitting_asym_ask.png>
Package pdftex.def Info: figures/splitting_asym_ask.png  used on input line 109
0.
(pdftex.def)             Requested size: 237.01411pt x 92.38104pt.


File: polytechnique-logohori.pdf Graphic file (type pdf)
<use polytechnique-logohori.pdf>
Package pdftex.def Info: polytechnique-logohori.pdf  used on input line 1096.
(pdftex.def)             Requested size: 156.35799pt x 56.90453pt.
[23 <./figures/splitting_levels_offline.png> <./figures/splitting_levels_online
.png> <./figures/splitting_levels_offline_bid.png> <./figures/splitting_levels_
online_bid.png>]
<figures/flash_crash_sym.png, id=474, 586.1097pt x 369.2997pt>
File: figures/flash_crash_sym.png Graphic file (type png)
<use figures/flash_crash_sym.png>
Package pdftex.def Info: figures/flash_crash_sym.png  used on input line 1153.
(pdftex.def)             Requested size: 221.67795pt x 139.67603pt.
<figures/flash_crash_asym.png, id=475, 586.1097pt x 369.2997pt>
File: figures/flash_crash_asym.png Graphic file (type png)
<use figures/flash_crash_asym.png>
Package pdftex.def Info: figures/flash_crash_asym.png  used on input line 1157.

(pdftex.def)             Requested size: 221.67795pt x 139.67603pt.


File: polytechnique-logohori.pdf Graphic file (type pdf)
<use polytechnique-logohori.pdf>
Package pdftex.def Info: polytechnique-logohori.pdf  used on input line 1211.
(pdftex.def)             Requested size: 156.35799pt x 56.90453pt.
[24 <./figures/splitting_sym_ask.png> <./figures/splitting_asym_ask.png>]

File: polytechnique-logohori.pdf Graphic file (type pdf)
<use polytechnique-logohori.pdf>
Package pdftex.def Info: polytechnique-logohori.pdf  used on input line 1211.
(pdftex.def)             Requested size: 156.35799pt x 56.90453pt.
[25 <./figures/flash_crash_sym.png> <./figures/flash_crash_asym.png>]
<figures/is_comparison.png, id=498, 947.4597pt x 369.2997pt>
File: figures/is_comparison.png Graphic file (type png)
<use figures/is_comparison.png>
Package pdftex.def Info: figures/is_comparison.png  used on input line 1279.
(pdftex.def)             Requested size: 384.54184pt x 149.88675pt.


File: polytechnique-logohori.pdf Graphic file (type pdf)
<use polytechnique-logohori.pdf>
Package pdftex.def Info: polytechnique-logohori.pdf  used on input line 1329.
(pdftex.def)             Requested size: 156.35799pt x 56.90453pt.
[26]

File: polytechnique-logohori.pdf Graphic file (type pdf)
<use polytechnique-logohori.pdf>
Package pdftex.def Info: polytechnique-logohori.pdf  used on input line 1329.
(pdftex.def)             Requested size: 156.35799pt x 56.90453pt.
[27 <./figures/is_comparison.png>]

File: polytechnique-logohori.pdf Graphic file (type pdf)
<use polytechnique-logohori.pdf>
Package pdftex.def Info: polytechnique-logohori.pdf  used on input line 1377.
(pdftex.def)             Requested size: 156.35799pt x 56.90453pt.
[28]
<figures/mle_calibration.png, id=522, 947.4597pt x 369.2997pt>
File: figures/mle_calibration.png Graphic file (type png)
<use figures/mle_calibration.png>
Package pdftex.def Info: figures/mle_calibration.png  used on input line 1407.
(pdftex.def)             Requested size: 425.6556pt x 165.91284pt.


File: polytechnique-logohori.pdf Graphic file (type pdf)
<use polytechnique-logohori.pdf>
Package pdftex.def Info: polytechnique-logohori.pdf  used on input line 1418.
(pdftex.def)             Requested size: 156.35799pt x 56.90453pt.
[29 <./figures/mle_calibration.png>]
<figures/bitcoin_calibration.png, id=532, 1308.8097pt x 405.4347pt>
File: figures/bitcoin_calibration.png Graphic file (type png)
<use figures/bitcoin_calibration.png>
Package pdftex.def Info: figures/bitcoin_calibration.png  used on input line 14
55.
(pdftex.def)             Requested size: 483.69687pt x 149.83527pt.


File: polytechnique-logohori.pdf Graphic file (type pdf)
<use polytechnique-logohori.pdf>
Package pdftex.def Info: polytechnique-logohori.pdf  used on input line 1470.
(pdftex.def)             Requested size: 156.35799pt x 56.90453pt.
[30 <./figures/bitcoin_calibration.png>]

File: polytechnique-logohori.pdf Graphic file (type pdf)
<use polytechnique-logohori.pdf>
Package pdftex.def Info: polytechnique-logohori.pdf  used on input line 1533.
(pdftex.def)             Requested size: 156.35799pt x 56.90453pt.
[31]

File: polytechnique-logohori.pdf Graphic file (type pdf)
<use polytechnique-logohori.pdf>
Package pdftex.def Info: polytechnique-logohori.pdf  used on input line 1574.
(pdftex.def)             Requested size: 156.35799pt x 56.90453pt.
[32] (rapport_final.aux)
 ***********
LaTeX2e <2025-06-01> patch level 1
L3 programming layer <2025-06-09>
 ***********


LaTeX Font Warning: Some font shapes were not available, defaults substituted.

Package rerunfilecheck Info: File `rapport_final.out' has not changed.
(rerunfilecheck)             Checksum: E5081543E72E58A4D14C07F3C0DF463A;10656.
 ) 
Here is how much of TeX's memory you used:
 33481 strings out of 470162
 659321 string characters out of 2482387
 1098627 words of memory out of 3000000
 60612 multiletter control sequences out of 15000+600000
 787670 words of font info for 362 fonts, out of 8000000 for 9000
 0 hyphenation exceptions out of 8191
 98i,13n,101p,1012b,1444s stack positions out of 5000i,500n,10000p,200000b,80000s
{/Users/ramlaoui/Library/Application Support/MiKTeX/texmfs/install/fonts/enc/
dvips/lm/lm-mathsy.enc}{/Users/ramlaoui/Library/Application Support/MiKTeX/texm
fs/install/fonts/enc/dvips/lm/lm-rm.enc}{/Users/ramlaoui/Library/Application Su
pport/MiKTeX/texmfs/install/fonts/enc/dvips/lm/lm-mathit.enc}{/Users/ramlaoui/L
ibrary/Application Support/MiKTeX/texmfs/install/fonts/enc/dvips/lm/lm-ec.enc}{
/Users/ramlaoui/Library/Application Support/MiKTeX/texmfs/install/fonts/enc/dvi
ps/lm/lm-mathex.enc}</Users/ramlaoui/Library/Application Support/MiKTeX/texmfs/
install/fonts/type1/public/lm/lmbx10.pfb></Users/ramlaoui/Library/Application S
upport/MiKTeX/texmfs/install/fonts/type1/public/lm/lmbx12.pfb></Users/ramlaoui/
Library/Application Support/MiKTeX/texmfs/install/fonts/type1/public/lm/lmbx9.p
fb></Users/ramlaoui/Library/Application Support/MiKTeX/texmfs/install/fonts/typ
e1/public/lm/lmcsc10.pfb></Users/ramlaoui/Library/Application Support/MiKTeX/te
xmfs/install/fonts/type1/public/lm/lmex10.pfb></Users/ramlaoui/Library/Applicat
ion Support/MiKTeX/texmfs/install/fonts/type1/public/lm/lmmi10.pfb></Users/raml
aoui/Library/Application Support/MiKTeX/texmfs/install/fonts/type1/public/lm/lm
mi12.pfb></Users/ramlaoui/Library/Application Support/MiKTeX/texmfs/install/fon
ts/type1/public/lm/lmmi6.pfb></Users/ramlaoui/Library/Application Support/MiKTe
X/texmfs/install/fonts/type1/public/lm/lmmi7.pfb></Users/ramlaoui/Library/Appli
cation Support/MiKTeX/texmfs/install/fonts/type1/public/lm/lmmi8.pfb></Users/ra
mlaoui/Library/Application Support/MiKTeX/texmfs/install/fonts/type1/public/lm/
lmmi9.pfb></Users/ramlaoui/Library/Application Support/MiKTeX/texmfs/install/fo
nts/type1/public/lm/lmr10.pfb></Users/ramlaoui/Library/Application Support/MiKT
eX/texmfs/install/fonts/type1/public/lm/lmr12.pfb></Users/ramlaoui/Library/Appl
ication Support/MiKTeX/texmfs/install/fonts/type1/public/lm/lmr6.pfb></Users/ra
mlaoui/Library/Application Support/MiKTeX/texmfs/install/fonts/type1/public/lm/
lmr7.pfb></Users/ramlaoui/Library/Application Support/MiKTeX/texmfs/install/fon
ts/type1/public/lm/lmr8.pfb></Users/ramlaoui/Library/Application Support/MiKTeX
/texmfs/install/fonts/type1/public/lm/lmr9.pfb></Users/ramlaoui/Library/Applica
tion Support/MiKTeX/texmfs/install/fonts/type1/public/lm/lmri10.pfb></Users/ram
laoui/Library/Application Support/MiKTeX/texmfs/install/fonts/type1/public/lm/l
mri9.pfb></Users/ramlaoui/Library/Application Support/MiKTeX/texmfs/install/fon
ts/type1/public/lm/lmssbx10.pfb></Users/ramlaoui/Library/Application Support/Mi
KTeX/texmfs/install/fonts/type1/public/lm/lmsy10.pfb></Users/ramlaoui/Library/A
pplication Support/MiKTeX/texmfs/install/fonts/type1/public/lm/lmsy6.pfb></User
s/ramlaoui/Library/Application Support/MiKTeX/texmfs/install/fonts/type1/public
/lm/lmsy7.pfb></Users/ramlaoui/Library/Application Support/MiKTeX/texmfs/instal
l/fonts/type1/public/lm/lmsy8.pfb></Users/ramlaoui/Library/Application Support/
MiKTeX/texmfs/install/fonts/type1/public/lm/lmsy9.pfb></Users/ramlaoui/Library/
Application Support/MiKTeX/texmfs/install/fonts/type1/public/amsfonts/symbols/m
sbm10.pfb>
Output written on rapport_final.pdf (32 pages, 3511716 bytes).
PDF statistics:
 712 PDF objects out of 1000 (max. 8388607)
 160 named destinations out of 1000 (max. 500000)
 84483 words of extra memory for PDF output out of 89155 (max. 10000000)

